tile fx0 tx50 fy0 mlash
ladr fx5 tx10 fy0 ty10 mlbridge
wall fx4 tx4 fy10 ty100 mlglass
wall fx7 tx7 fy0 ty5 mlsign
tile fx20 tx30 fy0 mlcarpet
text fx0 tx4 fy0 ty5 lvThis is the beginning of the default map. Behold the shape of things to come.
text fx5 tx6 fy0 ty9 lvThis is a ladder to the left of a wall. Climb up the ladder to get across the wall.
text fx5 tx10 fy10 ty15 lvOn top of the ladder.
text fx7 tx7 fy6 ty9 lvJust above the wall.
text fx8 tx10 fy0 ty9 lvThe ladder to the right of the wall.
text fx11 tx19 fy0 ty5 lvAsh area.
text fx20 tx30 fy0 ty5 lvCarpet area.
text fx31 tx50 fy0 ty5 lvRightmost ash area.
text fx6 tx8 fy0 ty0 lvPress enter to walk through the wall.
port pam fx6 tx8 fy0 ty0 pnenter1 pt2000 pxexit1
port pam fx8 tx6 fy0 ty0 pnenter1 pt2000 pxexit1
text fx7 tx7 fy10 ty10 lvPress enter to get high.
port pam fx7 fy10 tx0 ty95 pnenter2 pstravel2 pt3000 pxexit2
text fx3 tx3 fy95 ty95 lvPress enter to get back down.
port pam fx3 fy95 tx7 ty10 pnenter2 pstravel2 pt3000 pxexit2
text fx0 tx2 fy95 ty95 lvOn a platform at the top left of the big glass wall.
tile fx0 tx3 fy95 mldiamond
